// Jest Snapshot v1, https://goo.gl/fbAQLP

exports[`ðŸ“¸ Recursive string interpolation 1`] = `
[
  {
    "columnNumberEnd": 8,
    "columnNumberStart": 1,
    "lineNumberEnd": 1,
    "lineNumberStart": 1,
    "tokenType": "VAR",
    "value": "get_tax",
  },
  {
    "columnNumberEnd": 9,
    "columnNumberStart": 8,
    "lineNumberEnd": 1,
    "lineNumberStart": 1,
    "tokenType": "WHITESPACE",
    "value": " ",
  },
  {
    "columnNumberEnd": 10,
    "columnNumberStart": 9,
    "lineNumberEnd": 1,
    "lineNumberStart": 1,
    "tokenType": "ASSIGNMENT",
    "value": "=",
  },
  {
    "columnNumberEnd": 11,
    "columnNumberStart": 10,
    "lineNumberEnd": 1,
    "lineNumberStart": 1,
    "tokenType": "WHITESPACE",
    "value": " ",
  },
  {
    "columnNumberEnd": 12,
    "columnNumberStart": 11,
    "lineNumberEnd": 1,
    "lineNumberStart": 1,
    "tokenType": "LAMBDA_OPEN",
    "value": "@",
  },
  {
    "columnNumberEnd": 13,
    "columnNumberStart": 12,
    "lineNumberEnd": 1,
    "lineNumberStart": 1,
    "tokenType": "CURLY_OPEN",
    "value": "{",
  },
  {
    "columnNumberEnd": 14,
    "columnNumberStart": 13,
    "lineNumberEnd": 1,
    "lineNumberStart": 1,
    "tokenType": "WHITESPACE",
    "value": " ",
  },
  {
    "columnNumberEnd": 16,
    "columnNumberStart": 14,
    "lineNumberEnd": 1,
    "lineNumberStart": 1,
    "tokenType": "CONCISE_LAMBDA_ARGUMENT",
    "value": "$1",
  },
  {
    "columnNumberEnd": 17,
    "columnNumberStart": 16,
    "lineNumberEnd": 1,
    "lineNumberStart": 1,
    "tokenType": "WHITESPACE",
    "value": " ",
  },
  {
    "columnNumberEnd": 18,
    "columnNumberStart": 17,
    "lineNumberEnd": 1,
    "lineNumberStart": 1,
    "tokenType": "OPERATOR_INFIX",
    "value": "*",
  },
  {
    "columnNumberEnd": 19,
    "columnNumberStart": 18,
    "lineNumberEnd": 1,
    "lineNumberStart": 1,
    "tokenType": "WHITESPACE",
    "value": " ",
  },
  {
    "columnNumberEnd": 23,
    "columnNumberStart": 19,
    "lineNumberEnd": 1,
    "lineNumberStart": 1,
    "tokenType": "NUMBER",
    "value": "0.08",
  },
  {
    "columnNumberEnd": 24,
    "columnNumberStart": 23,
    "lineNumberEnd": 1,
    "lineNumberStart": 1,
    "tokenType": "WHITESPACE",
    "value": " ",
  },
  {
    "columnNumberEnd": 25,
    "columnNumberStart": 24,
    "lineNumberEnd": 1,
    "lineNumberStart": 1,
    "tokenType": "CURLY_CLOSE",
    "value": "}",
  },
  {
    "columnNumberEnd": 1,
    "columnNumberStart": 25,
    "lineNumberEnd": 3,
    "lineNumberStart": 1,
    "tokenType": "WHITESPACE",
    "value": "

",
  },
  {
    "columnNumberEnd": 9,
    "columnNumberStart": 1,
    "lineNumberEnd": 3,
    "lineNumberStart": 3,
    "tokenType": "FUNCTION",
    "value": "function",
  },
  {
    "columnNumberEnd": 10,
    "columnNumberStart": 9,
    "lineNumberEnd": 3,
    "lineNumberStart": 3,
    "tokenType": "WHITESPACE",
    "value": " ",
  },
  {
    "columnNumberEnd": 23,
    "columnNumberStart": 10,
    "lineNumberEnd": 3,
    "lineNumberStart": 3,
    "tokenType": "VAR",
    "value": "print_receipt",
  },
  {
    "columnNumberEnd": 24,
    "columnNumberStart": 23,
    "lineNumberEnd": 3,
    "lineNumberStart": 3,
    "tokenType": "PAREN_OPEN",
    "value": "(",
  },
  {
    "columnNumberEnd": 32,
    "columnNumberStart": 24,
    "lineNumberEnd": 3,
    "lineNumberStart": 3,
    "tokenType": "VAR",
    "value": "subtotal",
  },
  {
    "columnNumberEnd": 33,
    "columnNumberStart": 32,
    "lineNumberEnd": 3,
    "lineNumberStart": 3,
    "tokenType": "WHITESPACE",
    "value": " ",
  },
  {
    "columnNumberEnd": 46,
    "columnNumberStart": 33,
    "lineNumberEnd": 3,
    "lineNumberStart": 3,
    "tokenType": "VAR",
    "value": "customer_name",
  },
  {
    "columnNumberEnd": 47,
    "columnNumberStart": 46,
    "lineNumberEnd": 3,
    "lineNumberStart": 3,
    "tokenType": "PAREN_CLOSE",
    "value": ")",
  },
  {
    "columnNumberEnd": 48,
    "columnNumberStart": 47,
    "lineNumberEnd": 3,
    "lineNumberStart": 3,
    "tokenType": "WHITESPACE",
    "value": " ",
  },
  {
    "columnNumberEnd": 49,
    "columnNumberStart": 48,
    "lineNumberEnd": 3,
    "lineNumberStart": 3,
    "tokenType": "CURLY_OPEN",
    "value": "{",
  },
  {
    "columnNumberEnd": 2,
    "columnNumberStart": 49,
    "lineNumberEnd": 4,
    "lineNumberStart": 3,
    "tokenType": "WHITESPACE",
    "value": "
	",
  },
  {
    "columnNumberEnd": 14,
    "columnNumberStart": 2,
    "lineNumberEnd": 6,
    "lineNumberStart": 4,
    "tokenType": "STRING_INTERP_BEFORE",
    "value": ""
		Receipt
		Subtotal: {",
  },
  {
    "columnNumberEnd": 15,
    "columnNumberStart": 14,
    "lineNumberEnd": 6,
    "lineNumberStart": 6,
    "tokenType": "WHITESPACE",
    "value": " ",
  },
  {
    "columnNumberEnd": 23,
    "columnNumberStart": 15,
    "lineNumberEnd": 6,
    "lineNumberStart": 6,
    "tokenType": "VAR",
    "value": "subtotal",
  },
  {
    "columnNumberEnd": 24,
    "columnNumberStart": 23,
    "lineNumberEnd": 6,
    "lineNumberStart": 6,
    "tokenType": "WHITESPACE",
    "value": " ",
  },
  {
    "columnNumberEnd": 14,
    "columnNumberStart": 24,
    "lineNumberEnd": 7,
    "lineNumberStart": 6,
    "tokenType": "STRING_INTERP_BETWEEN",
    "value": "}
		Tax:      {",
  },
  {
    "columnNumberEnd": 15,
    "columnNumberStart": 14,
    "lineNumberEnd": 7,
    "lineNumberStart": 7,
    "tokenType": "WHITESPACE",
    "value": " ",
  },
  {
    "columnNumberEnd": 22,
    "columnNumberStart": 15,
    "lineNumberEnd": 7,
    "lineNumberStart": 7,
    "tokenType": "VAR",
    "value": "get_tax",
  },
  {
    "columnNumberEnd": 23,
    "columnNumberStart": 22,
    "lineNumberEnd": 7,
    "lineNumberStart": 7,
    "tokenType": "PAREN_OPEN",
    "value": "(",
  },
  {
    "columnNumberEnd": 31,
    "columnNumberStart": 23,
    "lineNumberEnd": 7,
    "lineNumberStart": 7,
    "tokenType": "VAR",
    "value": "subtotal",
  },
  {
    "columnNumberEnd": 32,
    "columnNumberStart": 31,
    "lineNumberEnd": 7,
    "lineNumberStart": 7,
    "tokenType": "PAREN_CLOSE",
    "value": ")",
  },
  {
    "columnNumberEnd": 33,
    "columnNumberStart": 32,
    "lineNumberEnd": 7,
    "lineNumberStart": 7,
    "tokenType": "WHITESPACE",
    "value": " ",
  },
  {
    "columnNumberEnd": 14,
    "columnNumberStart": 33,
    "lineNumberEnd": 9,
    "lineNumberStart": 7,
    "tokenType": "STRING_INTERP_BETWEEN",
    "value": "}
		--------------------
		Total:    {",
  },
  {
    "columnNumberEnd": 15,
    "columnNumberStart": 14,
    "lineNumberEnd": 9,
    "lineNumberStart": 9,
    "tokenType": "WHITESPACE",
    "value": " ",
  },
  {
    "columnNumberEnd": 22,
    "columnNumberStart": 15,
    "lineNumberEnd": 9,
    "lineNumberStart": 9,
    "tokenType": "VAR",
    "value": "get_tax",
  },
  {
    "columnNumberEnd": 23,
    "columnNumberStart": 22,
    "lineNumberEnd": 9,
    "lineNumberStart": 9,
    "tokenType": "PAREN_OPEN",
    "value": "(",
  },
  {
    "columnNumberEnd": 31,
    "columnNumberStart": 23,
    "lineNumberEnd": 9,
    "lineNumberStart": 9,
    "tokenType": "VAR",
    "value": "subtotal",
  },
  {
    "columnNumberEnd": 32,
    "columnNumberStart": 31,
    "lineNumberEnd": 9,
    "lineNumberStart": 9,
    "tokenType": "PAREN_CLOSE",
    "value": ")",
  },
  {
    "columnNumberEnd": 33,
    "columnNumberStart": 32,
    "lineNumberEnd": 9,
    "lineNumberStart": 9,
    "tokenType": "WHITESPACE",
    "value": " ",
  },
  {
    "columnNumberEnd": 34,
    "columnNumberStart": 33,
    "lineNumberEnd": 9,
    "lineNumberStart": 9,
    "tokenType": "OPERATOR_INFIX",
    "value": "+",
  },
  {
    "columnNumberEnd": 35,
    "columnNumberStart": 34,
    "lineNumberEnd": 9,
    "lineNumberStart": 9,
    "tokenType": "WHITESPACE",
    "value": " ",
  },
  {
    "columnNumberEnd": 43,
    "columnNumberStart": 35,
    "lineNumberEnd": 9,
    "lineNumberStart": 9,
    "tokenType": "VAR",
    "value": "subtotal",
  },
  {
    "columnNumberEnd": 44,
    "columnNumberStart": 43,
    "lineNumberEnd": 9,
    "lineNumberStart": 9,
    "tokenType": "WHITESPACE",
    "value": " ",
  },
  {
    "columnNumberEnd": 4,
    "columnNumberStart": 44,
    "lineNumberEnd": 11,
    "lineNumberStart": 9,
    "tokenType": "STRING_INTERP_BETWEEN",
    "value": "}

		{",
  },
  {
    "columnNumberEnd": 4,
    "columnNumberStart": 4,
    "lineNumberEnd": 12,
    "lineNumberStart": 11,
    "tokenType": "WHITESPACE",
    "value": "
			",
  },
  {
    "columnNumberEnd": 6,
    "columnNumberStart": 4,
    "lineNumberEnd": 12,
    "lineNumberStart": 12,
    "tokenType": "IF",
    "value": "if",
  },
  {
    "columnNumberEnd": 7,
    "columnNumberStart": 6,
    "lineNumberEnd": 12,
    "lineNumberStart": 12,
    "tokenType": "WHITESPACE",
    "value": " ",
  },
  {
    "columnNumberEnd": 20,
    "columnNumberStart": 7,
    "lineNumberEnd": 12,
    "lineNumberStart": 12,
    "tokenType": "VAR",
    "value": "customer_name",
  },
  {
    "columnNumberEnd": 21,
    "columnNumberStart": 20,
    "lineNumberEnd": 12,
    "lineNumberStart": 12,
    "tokenType": "WHITESPACE",
    "value": " ",
  },
  {
    "columnNumberEnd": 22,
    "columnNumberStart": 21,
    "lineNumberEnd": 12,
    "lineNumberStart": 12,
    "tokenType": "CURLY_OPEN",
    "value": "{",
  },
  {
    "columnNumberEnd": 5,
    "columnNumberStart": 22,
    "lineNumberEnd": 13,
    "lineNumberStart": 12,
    "tokenType": "WHITESPACE",
    "value": "
				",
  },
  {
    "columnNumberEnd": 25,
    "columnNumberStart": 5,
    "lineNumberEnd": 13,
    "lineNumberStart": 13,
    "tokenType": "STRING_INTERP_BEFORE",
    "value": ""Have a great day, {",
  },
  {
    "columnNumberEnd": 26,
    "columnNumberStart": 25,
    "lineNumberEnd": 13,
    "lineNumberStart": 13,
    "tokenType": "WHITESPACE",
    "value": " ",
  },
  {
    "columnNumberEnd": 39,
    "columnNumberStart": 26,
    "lineNumberEnd": 13,
    "lineNumberStart": 13,
    "tokenType": "VAR",
    "value": "customer_name",
  },
  {
    "columnNumberEnd": 40,
    "columnNumberStart": 39,
    "lineNumberEnd": 13,
    "lineNumberStart": 13,
    "tokenType": "WHITESPACE",
    "value": " ",
  },
  {
    "columnNumberEnd": 42,
    "columnNumberStart": 40,
    "lineNumberEnd": 13,
    "lineNumberStart": 13,
    "tokenType": "STRING_INTERP_AFTER",
    "value": "}"",
  },
  {
    "columnNumberEnd": 4,
    "columnNumberStart": 42,
    "lineNumberEnd": 14,
    "lineNumberStart": 13,
    "tokenType": "WHITESPACE",
    "value": "
			",
  },
  {
    "columnNumberEnd": 5,
    "columnNumberStart": 4,
    "lineNumberEnd": 14,
    "lineNumberStart": 14,
    "tokenType": "CURLY_CLOSE",
    "value": "}",
  },
  {
    "columnNumberEnd": 6,
    "columnNumberStart": 5,
    "lineNumberEnd": 14,
    "lineNumberStart": 14,
    "tokenType": "WHITESPACE",
    "value": " ",
  },
  {
    "columnNumberEnd": 10,
    "columnNumberStart": 6,
    "lineNumberEnd": 14,
    "lineNumberStart": 14,
    "tokenType": "ELSE",
    "value": "else",
  },
  {
    "columnNumberEnd": 11,
    "columnNumberStart": 10,
    "lineNumberEnd": 14,
    "lineNumberStart": 14,
    "tokenType": "WHITESPACE",
    "value": " ",
  },
  {
    "columnNumberEnd": 12,
    "columnNumberStart": 11,
    "lineNumberEnd": 14,
    "lineNumberStart": 14,
    "tokenType": "CURLY_OPEN",
    "value": "{",
  },
  {
    "columnNumberEnd": 5,
    "columnNumberStart": 12,
    "lineNumberEnd": 15,
    "lineNumberStart": 14,
    "tokenType": "WHITESPACE",
    "value": "
				",
  },
  {
    "columnNumberEnd": 14,
    "columnNumberStart": 5,
    "lineNumberEnd": 15,
    "lineNumberStart": 15,
    "tokenType": "STRING_INTERP_BEFORE",
    "value": ""Have a {",
  },
  {
    "columnNumberEnd": 15,
    "columnNumberStart": 14,
    "lineNumberEnd": 15,
    "lineNumberStart": 15,
    "tokenType": "WHITESPACE",
    "value": " ",
  },
  {
    "columnNumberEnd": 17,
    "columnNumberStart": 15,
    "lineNumberEnd": 15,
    "lineNumberStart": 15,
    "tokenType": "IF",
    "value": "if",
  },
  {
    "columnNumberEnd": 18,
    "columnNumberStart": 17,
    "lineNumberEnd": 15,
    "lineNumberStart": 15,
    "tokenType": "WHITESPACE",
    "value": " ",
  },
  {
    "columnNumberEnd": 22,
    "columnNumberStart": 18,
    "lineNumberEnd": 15,
    "lineNumberStart": 15,
    "tokenType": "VAR",
    "value": "Math",
  },
  {
    "columnNumberEnd": 23,
    "columnNumberStart": 22,
    "lineNumberEnd": 15,
    "lineNumberStart": 15,
    "tokenType": "DOT",
    "value": ".",
  },
  {
    "columnNumberEnd": 29,
    "columnNumberStart": 23,
    "lineNumberEnd": 15,
    "lineNumberStart": 15,
    "tokenType": "VAR",
    "value": "random",
  },
  {
    "columnNumberEnd": 30,
    "columnNumberStart": 29,
    "lineNumberEnd": 15,
    "lineNumberStart": 15,
    "tokenType": "PAREN_OPEN",
    "value": "(",
  },
  {
    "columnNumberEnd": 31,
    "columnNumberStart": 30,
    "lineNumberEnd": 15,
    "lineNumberStart": 15,
    "tokenType": "PAREN_CLOSE",
    "value": ")",
  },
  {
    "columnNumberEnd": 32,
    "columnNumberStart": 31,
    "lineNumberEnd": 15,
    "lineNumberStart": 15,
    "tokenType": "WHITESPACE",
    "value": " ",
  },
  {
    "columnNumberEnd": 33,
    "columnNumberStart": 32,
    "lineNumberEnd": 15,
    "lineNumberStart": 15,
    "tokenType": "COMPARE",
    "value": ">",
  },
  {
    "columnNumberEnd": 34,
    "columnNumberStart": 33,
    "lineNumberEnd": 15,
    "lineNumberStart": 15,
    "tokenType": "WHITESPACE",
    "value": " ",
  },
  {
    "columnNumberEnd": 37,
    "columnNumberStart": 34,
    "lineNumberEnd": 15,
    "lineNumberStart": 15,
    "tokenType": "NUMBER",
    "value": "0.5",
  },
  {
    "columnNumberEnd": 38,
    "columnNumberStart": 37,
    "lineNumberEnd": 15,
    "lineNumberStart": 15,
    "tokenType": "WHITESPACE",
    "value": " ",
  },
  {
    "columnNumberEnd": 39,
    "columnNumberStart": 38,
    "lineNumberEnd": 15,
    "lineNumberStart": 15,
    "tokenType": "CURLY_OPEN",
    "value": "{",
  },
  {
    "columnNumberEnd": 40,
    "columnNumberStart": 39,
    "lineNumberEnd": 15,
    "lineNumberStart": 15,
    "tokenType": "WHITESPACE",
    "value": " ",
  },
  {
    "columnNumberEnd": 47,
    "columnNumberStart": 40,
    "lineNumberEnd": 15,
    "lineNumberStart": 15,
    "tokenType": "STRING_PURE",
    "value": ""great"",
  },
  {
    "columnNumberEnd": 48,
    "columnNumberStart": 47,
    "lineNumberEnd": 15,
    "lineNumberStart": 15,
    "tokenType": "WHITESPACE",
    "value": " ",
  },
  {
    "columnNumberEnd": 49,
    "columnNumberStart": 48,
    "lineNumberEnd": 15,
    "lineNumberStart": 15,
    "tokenType": "CURLY_CLOSE",
    "value": "}",
  },
  {
    "columnNumberEnd": 50,
    "columnNumberStart": 49,
    "lineNumberEnd": 15,
    "lineNumberStart": 15,
    "tokenType": "WHITESPACE",
    "value": " ",
  },
  {
    "columnNumberEnd": 54,
    "columnNumberStart": 50,
    "lineNumberEnd": 15,
    "lineNumberStart": 15,
    "tokenType": "ELSE",
    "value": "else",
  },
  {
    "columnNumberEnd": 55,
    "columnNumberStart": 54,
    "lineNumberEnd": 15,
    "lineNumberStart": 15,
    "tokenType": "WHITESPACE",
    "value": " ",
  },
  {
    "columnNumberEnd": 56,
    "columnNumberStart": 55,
    "lineNumberEnd": 15,
    "lineNumberStart": 15,
    "tokenType": "CURLY_OPEN",
    "value": "{",
  },
  {
    "columnNumberEnd": 57,
    "columnNumberStart": 56,
    "lineNumberEnd": 15,
    "lineNumberStart": 15,
    "tokenType": "WHITESPACE",
    "value": " ",
  },
  {
    "columnNumberEnd": 64,
    "columnNumberStart": 57,
    "lineNumberEnd": 15,
    "lineNumberStart": 15,
    "tokenType": "STRING_PURE",
    "value": ""lousy"",
  },
  {
    "columnNumberEnd": 65,
    "columnNumberStart": 64,
    "lineNumberEnd": 15,
    "lineNumberStart": 15,
    "tokenType": "WHITESPACE",
    "value": " ",
  },
  {
    "columnNumberEnd": 66,
    "columnNumberStart": 65,
    "lineNumberEnd": 15,
    "lineNumberStart": 15,
    "tokenType": "CURLY_CLOSE",
    "value": "}",
  },
  {
    "columnNumberEnd": 67,
    "columnNumberStart": 66,
    "lineNumberEnd": 15,
    "lineNumberStart": 15,
    "tokenType": "WHITESPACE",
    "value": " ",
  },
  {
    "columnNumberEnd": 74,
    "columnNumberStart": 67,
    "lineNumberEnd": 15,
    "lineNumberStart": 15,
    "tokenType": "STRING_INTERP_AFTER",
    "value": "} day!"",
  },
  {
    "columnNumberEnd": 4,
    "columnNumberStart": 74,
    "lineNumberEnd": 16,
    "lineNumberStart": 15,
    "tokenType": "WHITESPACE",
    "value": "
			",
  },
  {
    "columnNumberEnd": 5,
    "columnNumberStart": 4,
    "lineNumberEnd": 16,
    "lineNumberStart": 16,
    "tokenType": "CURLY_CLOSE",
    "value": "}",
  },
  {
    "columnNumberEnd": 3,
    "columnNumberStart": 5,
    "lineNumberEnd": 17,
    "lineNumberStart": 16,
    "tokenType": "WHITESPACE",
    "value": "
		",
  },
  {
    "columnNumberEnd": 3,
    "columnNumberStart": 3,
    "lineNumberEnd": 18,
    "lineNumberStart": 17,
    "tokenType": "STRING_INTERP_AFTER",
    "value": "}
	"",
  },
  {
    "columnNumberEnd": 1,
    "columnNumberStart": 3,
    "lineNumberEnd": 19,
    "lineNumberStart": 18,
    "tokenType": "WHITESPACE",
    "value": "
",
  },
  {
    "columnNumberEnd": 2,
    "columnNumberStart": 1,
    "lineNumberEnd": 19,
    "lineNumberStart": 19,
    "tokenType": "CURLY_CLOSE",
    "value": "}",
  },
  {
    "columnNumberEnd": 1,
    "columnNumberStart": 2,
    "lineNumberEnd": 21,
    "lineNumberStart": 19,
    "tokenType": "WHITESPACE",
    "value": "

",
  },
  {
    "columnNumberEnd": 9,
    "columnNumberStart": 1,
    "lineNumberEnd": 21,
    "lineNumberStart": 21,
    "tokenType": "FUNCTION",
    "value": "function",
  },
  {
    "columnNumberEnd": 10,
    "columnNumberStart": 9,
    "lineNumberEnd": 21,
    "lineNumberStart": 21,
    "tokenType": "WHITESPACE",
    "value": " ",
  },
  {
    "columnNumberEnd": 23,
    "columnNumberStart": 10,
    "lineNumberEnd": 21,
    "lineNumberStart": 21,
    "tokenType": "VAR",
    "value": "print_receipt",
  },
  {
    "columnNumberEnd": 24,
    "columnNumberStart": 23,
    "lineNumberEnd": 21,
    "lineNumberStart": 21,
    "tokenType": "PAREN_OPEN",
    "value": "(",
  },
  {
    "columnNumberEnd": 32,
    "columnNumberStart": 24,
    "lineNumberEnd": 21,
    "lineNumberStart": 21,
    "tokenType": "VAR",
    "value": "subtotal",
  },
  {
    "columnNumberEnd": 33,
    "columnNumberStart": 32,
    "lineNumberEnd": 21,
    "lineNumberStart": 21,
    "tokenType": "PAREN_CLOSE",
    "value": ")",
  },
  {
    "columnNumberEnd": 34,
    "columnNumberStart": 33,
    "lineNumberEnd": 21,
    "lineNumberStart": 21,
    "tokenType": "WHITESPACE",
    "value": " ",
  },
  {
    "columnNumberEnd": 35,
    "columnNumberStart": 34,
    "lineNumberEnd": 21,
    "lineNumberStart": 21,
    "tokenType": "CURLY_OPEN",
    "value": "{",
  },
  {
    "columnNumberEnd": 36,
    "columnNumberStart": 35,
    "lineNumberEnd": 21,
    "lineNumberStart": 21,
    "tokenType": "WHITESPACE",
    "value": " ",
  },
  {
    "columnNumberEnd": 49,
    "columnNumberStart": 36,
    "lineNumberEnd": 21,
    "lineNumberStart": 21,
    "tokenType": "VAR",
    "value": "print_receipt",
  },
  {
    "columnNumberEnd": 50,
    "columnNumberStart": 49,
    "lineNumberEnd": 21,
    "lineNumberStart": 21,
    "tokenType": "PAREN_OPEN",
    "value": "(",
  },
  {
    "columnNumberEnd": 58,
    "columnNumberStart": 50,
    "lineNumberEnd": 21,
    "lineNumberStart": 21,
    "tokenType": "VAR",
    "value": "subtotal",
  },
  {
    "columnNumberEnd": 59,
    "columnNumberStart": 58,
    "lineNumberEnd": 21,
    "lineNumberStart": 21,
    "tokenType": "WHITESPACE",
    "value": " ",
  },
  {
    "columnNumberEnd": 64,
    "columnNumberStart": 59,
    "lineNumberEnd": 21,
    "lineNumberStart": 21,
    "tokenType": "BOOLEAN",
    "value": "false",
  },
  {
    "columnNumberEnd": 65,
    "columnNumberStart": 64,
    "lineNumberEnd": 21,
    "lineNumberStart": 21,
    "tokenType": "PAREN_CLOSE",
    "value": ")",
  },
  {
    "columnNumberEnd": 66,
    "columnNumberStart": 65,
    "lineNumberEnd": 21,
    "lineNumberStart": 21,
    "tokenType": "WHITESPACE",
    "value": " ",
  },
  {
    "columnNumberEnd": 67,
    "columnNumberStart": 66,
    "lineNumberEnd": 21,
    "lineNumberStart": 21,
    "tokenType": "CURLY_CLOSE",
    "value": "}",
  },
  {
    "columnNumberEnd": 1,
    "columnNumberStart": 67,
    "lineNumberEnd": 23,
    "lineNumberStart": 21,
    "tokenType": "WHITESPACE",
    "value": "

",
  },
  {
    "columnNumberEnd": 14,
    "columnNumberStart": 1,
    "lineNumberEnd": 23,
    "lineNumberStart": 23,
    "tokenType": "VAR",
    "value": "print_receipt",
  },
  {
    "columnNumberEnd": 15,
    "columnNumberStart": 14,
    "lineNumberEnd": 23,
    "lineNumberStart": 23,
    "tokenType": "PAREN_OPEN",
    "value": "(",
  },
  {
    "columnNumberEnd": 17,
    "columnNumberStart": 15,
    "lineNumberEnd": 23,
    "lineNumberStart": 23,
    "tokenType": "NUMBER",
    "value": "50",
  },
  {
    "columnNumberEnd": 18,
    "columnNumberStart": 17,
    "lineNumberEnd": 23,
    "lineNumberStart": 23,
    "tokenType": "WHITESPACE",
    "value": " ",
  },
  {
    "columnNumberEnd": 25,
    "columnNumberStart": 18,
    "lineNumberEnd": 23,
    "lineNumberStart": 23,
    "tokenType": "STRING_PURE",
    "value": ""Jimbo"",
  },
  {
    "columnNumberEnd": 26,
    "columnNumberStart": 25,
    "lineNumberEnd": 23,
    "lineNumberStart": 23,
    "tokenType": "PAREN_CLOSE",
    "value": ")",
  },
  {
    "columnNumberEnd": 1,
    "columnNumberStart": 26,
    "lineNumberEnd": 24,
    "lineNumberStart": 23,
    "tokenType": "WHITESPACE",
    "value": "
",
  },
  {
    "columnNumberEnd": 14,
    "columnNumberStart": 1,
    "lineNumberEnd": 24,
    "lineNumberStart": 24,
    "tokenType": "VAR",
    "value": "print_receipt",
  },
  {
    "columnNumberEnd": 15,
    "columnNumberStart": 14,
    "lineNumberEnd": 24,
    "lineNumberStart": 24,
    "tokenType": "PAREN_OPEN",
    "value": "(",
  },
  {
    "columnNumberEnd": 17,
    "columnNumberStart": 15,
    "lineNumberEnd": 24,
    "lineNumberStart": 24,
    "tokenType": "NUMBER",
    "value": "75",
  },
  {
    "columnNumberEnd": 18,
    "columnNumberStart": 17,
    "lineNumberEnd": 24,
    "lineNumberStart": 24,
    "tokenType": "PAREN_CLOSE",
    "value": ")",
  },
  {
    "columnNumberEnd": 1,
    "columnNumberStart": 18,
    "lineNumberEnd": 25,
    "lineNumberStart": 24,
    "tokenType": "WHITESPACE",
    "value": "
",
  },
]
`;

exports[`ðŸ“¸ Recursive string interpolation 2`] = `
{
  "children": [
    {
      "children": [
        {
          "args": [],
          "children": [
            {
              "columnNumberStart": 17,
              "left": {
                "columnNumberStart": 14,
                "lineNumberStart": 1,
                "type": "CONCISE_LAMBDA_ARGUMENT",
                "value": "$1",
              },
              "lineNumberStart": 1,
              "operator": "*",
              "right": {
                "columnNumberStart": 19,
                "lineNumberStart": 1,
                "type": "LITERAL_NUMBER",
                "value": "0.08",
              },
              "type": "BINARY_EXPR",
            },
          ],
          "columnNumberStart": 11,
          "lineNumberStart": 1,
          "type": "LAMBDA",
        },
      ],
      "columnNumberStart": 1,
      "lineNumberStart": 1,
      "type": "ASSIGNMENT",
      "variable": "get_tax",
      "weak": false,
    },
    {
      "args": [
        {
          "columnNumberStart": 24,
          "lineNumberStart": 3,
          "type": "IDENTIFIER",
          "value": "subtotal",
        },
        {
          "columnNumberStart": 33,
          "lineNumberStart": 3,
          "type": "IDENTIFIER",
          "value": "customer_name",
        },
      ],
      "children": [
        {
          "columnNumberStart": 2,
          "interpolations": [
            {
              "children": [
                {
                  "columnNumberStart": 15,
                  "lineNumberStart": 6,
                  "type": "IDENTIFIER",
                  "value": "subtotal",
                },
              ],
              "type": "STRING_INTERPOLATION",
            },
            {
              "children": [
                {
                  "children": [
                    {
                      "columnNumberStart": 23,
                      "lineNumberStart": 7,
                      "type": "IDENTIFIER",
                      "value": "subtotal",
                    },
                  ],
                  "columnNumberStart": 15,
                  "function": {
                    "columnNumberStart": 15,
                    "lineNumberStart": 7,
                    "type": "IDENTIFIER",
                    "value": "get_tax",
                  },
                  "lineNumberStart": 7,
                  "type": "FUNCTION_CALL",
                },
              ],
              "type": "STRING_INTERPOLATION",
            },
            {
              "children": [
                {
                  "columnNumberStart": 33,
                  "left": {
                    "children": [
                      {
                        "columnNumberStart": 23,
                        "lineNumberStart": 9,
                        "type": "IDENTIFIER",
                        "value": "subtotal",
                      },
                    ],
                    "columnNumberStart": 15,
                    "function": {
                      "columnNumberStart": 15,
                      "lineNumberStart": 9,
                      "type": "IDENTIFIER",
                      "value": "get_tax",
                    },
                    "lineNumberStart": 9,
                    "type": "FUNCTION_CALL",
                  },
                  "lineNumberStart": 9,
                  "operator": "+",
                  "right": {
                    "columnNumberStart": 35,
                    "lineNumberStart": 9,
                    "type": "IDENTIFIER",
                    "value": "subtotal",
                  },
                  "type": "BINARY_EXPR",
                },
              ],
              "type": "STRING_INTERPOLATION",
            },
            {
              "children": [
                {
                  "children": [
                    {
                      "columnNumberStart": 5,
                      "interpolations": [
                        {
                          "children": [
                            {
                              "columnNumberStart": 26,
                              "lineNumberStart": 13,
                              "type": "IDENTIFIER",
                              "value": "customer_name",
                            },
                          ],
                          "type": "STRING_INTERPOLATION",
                        },
                      ],
                      "lineNumberStart": 13,
                      "subStrings": [
                        "Have a great day, ",
                        "",
                      ],
                      "type": "LITERAL_STRING",
                    },
                  ],
                  "columnNumberStart": 4,
                  "condition": [
                    {
                      "columnNumberStart": 7,
                      "lineNumberStart": 12,
                      "type": "IDENTIFIER",
                      "value": "customer_name",
                    },
                  ],
                  "else": [
                    {
                      "columnNumberStart": 5,
                      "interpolations": [
                        {
                          "children": [
                            {
                              "children": [
                                {
                                  "columnNumberStart": 40,
                                  "interpolations": [],
                                  "lineNumberStart": 15,
                                  "subStrings": [
                                    "great",
                                  ],
                                  "type": "LITERAL_STRING",
                                },
                              ],
                              "columnNumberStart": 15,
                              "condition": [
                                {
                                  "columnNumberStart": 32,
                                  "left": {
                                    "children": [],
                                    "columnNumberStart": 22,
                                    "function": {
                                      "columnNumberStart": 22,
                                      "left": {
                                        "columnNumberStart": 18,
                                        "lineNumberStart": 15,
                                        "type": "IDENTIFIER",
                                        "value": "Math",
                                      },
                                      "lineNumberStart": 15,
                                      "operator": ".",
                                      "right": {
                                        "columnNumberStart": 23,
                                        "lineNumberStart": 15,
                                        "type": "IDENTIFIER",
                                        "value": "random",
                                      },
                                      "type": "BINARY_EXPR",
                                    },
                                    "lineNumberStart": 15,
                                    "type": "FUNCTION_CALL",
                                  },
                                  "lineNumberStart": 15,
                                  "operator": ">",
                                  "right": {
                                    "columnNumberStart": 34,
                                    "lineNumberStart": 15,
                                    "type": "LITERAL_NUMBER",
                                    "value": "0.5",
                                  },
                                  "type": "BINARY_EXPR",
                                },
                              ],
                              "else": [
                                {
                                  "columnNumberStart": 57,
                                  "interpolations": [],
                                  "lineNumberStart": 15,
                                  "subStrings": [
                                    "lousy",
                                  ],
                                  "type": "LITERAL_STRING",
                                },
                              ],
                              "lineNumberStart": 15,
                              "type": "IF_EXPR",
                            },
                          ],
                          "type": "STRING_INTERPOLATION",
                        },
                      ],
                      "lineNumberStart": 15,
                      "subStrings": [
                        "Have a ",
                        " day!",
                      ],
                      "type": "LITERAL_STRING",
                    },
                  ],
                  "lineNumberStart": 12,
                  "type": "IF_EXPR",
                },
              ],
              "type": "STRING_INTERPOLATION",
            },
          ],
          "lineNumberStart": 4,
          "subStrings": [
            "
		Receipt
		Subtotal: ",
            "
		Tax:      ",
            "
		--------------------
		Total:    ",
            "

		",
            "
	",
          ],
          "type": "LITERAL_STRING",
        },
      ],
      "columnNumberStart": 1,
      "lineNumberStart": 3,
      "name": "print_receipt",
      "type": "FUNCTION_DEFINITION",
    },
    {
      "args": [
        {
          "columnNumberStart": 24,
          "lineNumberStart": 21,
          "type": "IDENTIFIER",
          "value": "subtotal",
        },
      ],
      "children": [
        {
          "children": [
            {
              "columnNumberStart": 50,
              "lineNumberStart": 21,
              "type": "IDENTIFIER",
              "value": "subtotal",
            },
            {
              "columnNumberStart": 59,
              "lineNumberStart": 21,
              "type": "LITERAL_BOOLEAN",
              "value": "false",
            },
          ],
          "columnNumberStart": 36,
          "function": {
            "columnNumberStart": 36,
            "lineNumberStart": 21,
            "type": "IDENTIFIER",
            "value": "print_receipt",
          },
          "lineNumberStart": 21,
          "type": "FUNCTION_CALL",
        },
      ],
      "columnNumberStart": 1,
      "lineNumberStart": 21,
      "name": "print_receipt",
      "type": "FUNCTION_DEFINITION",
    },
    {
      "children": [
        {
          "columnNumberStart": 15,
          "lineNumberStart": 23,
          "type": "LITERAL_NUMBER",
          "value": "50",
        },
        {
          "columnNumberStart": 18,
          "interpolations": [],
          "lineNumberStart": 23,
          "subStrings": [
            "Jimbo",
          ],
          "type": "LITERAL_STRING",
        },
      ],
      "columnNumberStart": 1,
      "function": {
        "columnNumberStart": 1,
        "lineNumberStart": 23,
        "type": "IDENTIFIER",
        "value": "print_receipt",
      },
      "lineNumberStart": 23,
      "type": "FUNCTION_CALL",
    },
    {
      "children": [
        {
          "columnNumberStart": 15,
          "lineNumberStart": 24,
          "type": "LITERAL_NUMBER",
          "value": "75",
        },
      ],
      "columnNumberStart": 1,
      "function": {
        "columnNumberStart": 1,
        "lineNumberStart": 24,
        "type": "IDENTIFIER",
        "value": "print_receipt",
      },
      "lineNumberStart": 24,
      "type": "FUNCTION_CALL",
    },
  ],
  "type": "ROOT",
}
`;

exports[`ðŸ“¸ Recursive string interpolation 3`] = `
"const get_tax=($1)=>{return $1*0.08};function print_receipt$2(subtotal,customer_name){return \`
		Receipt
		Subtotal: \${(()=>{return subtotal})()}
		Tax:      \${(()=>{return get_tax(subtotal)})()}
		--------------------
		Total:    \${(()=>{return get_tax(subtotal)+subtotal})()}

		\${(()=>{return (()=>{let tmp;if(customer_name){tmp=\`Have a great day, \${(()=>{return customer_name})()}\`}else{tmp=\`Have a \${(()=>{return (()=>{let tmp;if(Math.random()>0.5){tmp=\`great\`}else{tmp=\`lousy\`}return tmp})()})()} day!\`}return tmp})()})()}
	\`};function print_receipt$1(subtotal){return print_receipt$2(subtotal,false)};print_receipt$2(50,\`Jimbo\`);print_receipt$1(75)"
`;
