// Jest Snapshot v1, https://goo.gl/fbAQLP

exports[`ðŸ“¸ Strings 1`] = `
[
  {
    "columnNumberEnd": 12,
    "columnNumberStart": 1,
    "lineNumberEnd": 1,
    "lineNumberStart": 1,
    "tokenType": "STRING_PURE",
    "value": ""Fooberton"",
  },
]
`;

exports[`ðŸ“¸ Strings 2`] = `
{
  "children": [
    {
      "columnNumberStart": 1,
      "interpolations": [],
      "lineNumberStart": 1,
      "subStrings": [
        "Fooberton",
      ],
      "type": "LITERAL_STRING",
    },
  ],
  "type": "ROOT",
}
`;

exports[`ðŸ“¸ Strings 3`] = `"\`Fooberton\`"`;
